
> @workspace/api-server@0.0.0 start C:\learning-hub\artifacts\api-server
> node --enable-source-maps ./dist/index.mjs

[04:04:24.186] [32mINFO[39m (5268): [36mServer listening[39m
    [35mport[39m: 3000
[04:05:05.466] [31mERROR[39m (5268): [36mFailed query: select "id", "email", "name", "password_hash", "role", "avatar_url", "bio", "is_active", "created_at", "updated_at" from "users" where "users"."email" = $1 limit $2
params: debug-fixed-20260723040503@example.test,1[39m
    [35mreq[39m: {
      "id": "fcd2463d-667e-422a-8dc5-4d7d5265b70b",
      "method": "POST",
      "url": "/api/auth/register"
    }
    err: {
      "type": "_DrizzleQueryError",
      "message": "Failed query: select \"id\", \"email\", \"name\", \"password_hash\", \"role\", \"avatar_url\", \"bio\", \"is_active\", \"created_at\", \"updated_at\" from \"users\" where \"users\".\"email\" = $1 limit $2\nparams: debug-fixed-20260723040503@example.test,1: getaddrinfo ENOTFOUND db.vqpdlagmeatubprlfgkz.supabase.co",
      "stack":
          Error: Failed query: select "id", "email", "name", "password_hash", "role", "avatar_url", "bio", "is_active", "created_at", "updated_at" from "users" where "users"."email" = $1 limit $2
          params: debug-fixed-20260723040503@example.test,1
              at NodePgPreparedQuery.queryWithCache (C:\learning-hub\node_modules\.pnpm\drizzle-orm@0.45.2_@types+pg@8.20.0_pg@8.22.0\node_modules\src\pg-core\session.ts:73:11)
              at process.processTicksAndRejections (node:internal/process/task_queues:95:5)
              at async <anonymous> (C:\learning-hub\node_modules\.pnpm\drizzle-orm@0.45.2_@types+pg@8.20.0_pg@8.22.0\node_modules\src\node-postgres\session.ts:154:19)
              at async <anonymous> (C:\learning-hub\artifacts\api-server\src\routes\auth.ts:62:22)
          caused by: Error: getaddrinfo ENOTFOUND db.vqpdlagmeatubprlfgkz.supabase.co
              at <anonymous> (C:\learning-hub\node_modules\.pnpm\pg-pool@3.14.0_pg@8.22.0\node_modules\pg-pool\index.js:45:11)
              at process.processTicksAndRejections (node:internal/process/task_queues:95:5)
              at async <anonymous> (C:\learning-hub\node_modules\.pnpm\drizzle-orm@0.45.2_@types+pg@8.20.0_pg@8.22.0\node_modules\src\node-postgres\session.ts:161:13)
              at async NodePgPreparedQuery.queryWithCache (C:\learning-hub\node_modules\.pnpm\drizzle-orm@0.45.2_@types+pg@8.20.0_pg@8.22.0\node_modules\src\pg-core\session.ts:71:12)
              at async <anonymous> (C:\learning-hub\node_modules\.pnpm\drizzle-orm@0.45.2_@types+pg@8.20.0_pg@8.22.0\node_modules\src\node-postgres\session.ts:154:19)
              at async <anonymous> (C:\learning-hub\artifacts\api-server\src\routes\auth.ts:62:22)
      "query": "select \"id\", \"email\", \"name\", \"password_hash\", \"role\", \"avatar_url\", \"bio\", \"is_active\", \"created_at\", \"updated_at\" from \"users\" where \"users\".\"email\" = $1 limit $2",
      "params": [
        "debug-fixed-20260723040503@example.test",
        1
      ]
    }
[04:05:07.365] [32mINFO[39m (5268): [36mrequest completed[39m
    [35mreq[39m: {
      "id": "fcd2463d-667e-422a-8dc5-4d7d5265b70b",
      "method": "POST",
      "url": "/api/auth/register"
    }
    [35mres[39m: {
      "statusCode": 201
    }
    [35mresponseTime[39m: 2063
[04:05:07.913] [32mINFO[39m (5268): [36mrequest completed[39m
    [35mreq[39m: {
      "id": "51562fe2-3b82-4e45-a31c-d33d246c24eb",
      "method": "POST",
      "url": "/api/modules/2/lessons"
    }
    [35mres[39m: {
      "statusCode": 201
    }
    [35mresponseTime[39m: 390
